Copyright 1986-2021 Xilinx, Inc. All Rights Reserved.
-------------------------------------------------------------------------------------------------------------------------------------------------------------------------------------
| Tool Version : Vivado v.2021.2 (lin64) Build 3367213 Tue Oct 19 02:47:39 MDT 2021
| Date         : Wed Nov 23 04:32:05 2022
| Host         : nanu running 64-bit Ubuntu 20.04.1 LTS
| Command      : report_accelerator_utilization -kernels { k_verify:pfm_top_i/dynamic_region/k_verify_1/inst:k_verify_1} -file kernel_util_routed.rpt -name kernel_util_routed -json
| Design       : pfm_top_wrapper
| Device       : xcu280
| Design State : Routed
-------------------------------------------------------------------------------------------------------------------------------------------------------------------------------------

Accelerator Utilization Design Information

Table of Contents
-----------------
1. System Utilization

1. System Utilization
---------------------

+---------------------+-------------------+------------------+-------------------+----------------+---------------+----------------+
| Name                | LUT               | LUTAsMem         | REG               | BRAM           | URAM          | DSP            |
+---------------------+-------------------+------------------+-------------------+----------------+---------------+----------------+
| Platform            |  105538 [  8.10%] |  10682 [  1.78%] |  155002 [  5.94%] |  202 [ 10.02%] |   0 [  0.00%] |    4 [  0.04%] |
| User Budget         | 1197182 [100.00%] | 589798 [100.00%] | 2452358 [100.00%] | 1814 [100.00%] | 960 [100.00%] | 9020 [100.00%] |
|    Used Resources   |   81002 [  6.77%] |  14602 [  2.48%] |   86543 [  3.53%] |  138 [  7.61%] |   0 [  0.00%] |  220 [  2.44%] |
|    Unused Resources | 1116180 [ 93.23%] | 575196 [ 97.52%] | 2365815 [ 96.47%] | 1676 [ 92.39%] | 960 [100.00%] | 8800 [ 97.56%] |
| k_verify            |   81002 [  6.77%] |  14602 [  2.48%] |   86543 [  3.53%] |  138 [  7.61%] |   0 [  0.00%] |  220 [  2.44%] |
|    k_verify_1       |   81002 [  6.77%] |  14602 [  2.48%] |   86543 [  3.53%] |  138 [  7.61%] |   0 [  0.00%] |  220 [  2.44%] |
+---------------------+-------------------+------------------+-------------------+----------------+---------------+----------------+


