Copyright 1986-2021 Xilinx, Inc. All Rights Reserved.
-------------------------------------------------------------------------------------------------------------------------------------------------------------------------------
| Tool Version : Vivado v.2021.2 (lin64) Build 3367213 Tue Oct 19 02:47:39 MDT 2021
| Date         : Tue Nov 22 17:45:48 2022
| Host         : nanu running 64-bit Ubuntu 20.04.1 LTS
| Command      : report_accelerator_utilization -kernels { k_sign:pfm_top_i/dynamic_region/k_sign_1/inst:k_sign_1} -file kernel_util_placed.rpt -name kernel_util_placed -json
| Design       : pfm_top_wrapper
| Device       : xcu280
| Design State : Fully Placed
-------------------------------------------------------------------------------------------------------------------------------------------------------------------------------

Accelerator Utilization Design Information

Table of Contents
-----------------
1. System Utilization

1. System Utilization
---------------------

+---------------------+-------------------+------------------+-------------------+----------------+---------------+----------------+
| Name                | LUT               | LUTAsMem         | REG               | BRAM           | URAM          | DSP            |
+---------------------+-------------------+------------------+-------------------+----------------+---------------+----------------+
| Platform            |  108338 [  8.32%] |  11855 [  1.97%] |  160564 [  6.16%] |  202 [ 10.02%] |   0 [  0.00%] |    4 [  0.04%] |
| User Budget         | 1194382 [100.00%] | 588625 [100.00%] | 2446796 [100.00%] | 1814 [100.00%] | 960 [100.00%] | 9020 [100.00%] |
|    Used Resources   |  125615 [ 10.52%] |  24356 [  4.14%] |  149238 [  6.10%] |  125 [  6.89%] |  49 [  5.10%] |  484 [  5.37%] |
|    Unused Resources | 1068767 [ 89.48%] | 564269 [ 95.86%] | 2297558 [ 93.90%] | 1689 [ 93.11%] | 911 [ 94.90%] | 8536 [ 94.63%] |
| k_sign              |  125615 [ 10.52%] |  24356 [  4.14%] |  149238 [  6.10%] |  125 [  6.89%] |  49 [  5.10%] |  484 [  5.37%] |
|    k_sign_1         |  125615 [ 10.52%] |  24356 [  4.14%] |  149238 [  6.10%] |  125 [  6.89%] |  49 [  5.10%] |  484 [  5.37%] |
+---------------------+-------------------+------------------+-------------------+----------------+---------------+----------------+


