Copyright 1986-2021 Xilinx, Inc. All Rights Reserved.
---------------------------------------------------------------------------------------------------------------------------------------------------------------------------------------
| Tool Version : Vivado v.2021.2 (lin64) Build 3367213 Tue Oct 19 02:47:39 MDT 2021
| Date         : Fri Sep 15 14:36:23 2023
| Host         : picu running 64-bit Ubuntu 20.04.1 LTS
| Command      : report_accelerator_utilization -kernels { k_verify:pfm_top_i/dynamic_region/k_verify_1/inst:k_verify_1} -file kernel_util_synthed.rpt -name kernel_util_synthed -json
| Design       : pfm_top_wrapper
| Device       : xcu280
| Design State : Synthesized
---------------------------------------------------------------------------------------------------------------------------------------------------------------------------------------

Accelerator Utilization Design Information

Table of Contents
-----------------
1. System Utilization

1. System Utilization
---------------------

+---------------------+-------------------+------------------+-------------------+----------------+---------------+----------------+
| Name                | LUT               | LUTAsMem         | REG               | BRAM           | URAM          | DSP            |
+---------------------+-------------------+------------------+-------------------+----------------+---------------+----------------+
| Platform            |  120547 [  9.25%] |  12642 [  2.11%] |  161970 [  6.21%] |  202 [ 10.02%] |   0 [  0.00%] |    4 [  0.04%] |
| User Budget         | 1182173 [100.00%] | 587838 [100.00%] | 2445390 [100.00%] | 1814 [100.00%] | 960 [100.00%] | 9020 [100.00%] |
|    Used Resources   |   83542 [  7.07%] |  15385 [  2.62%] |   86054 [  3.52%] |  164 [  9.04%] |   0 [  0.00%] |  222 [  2.46%] |
|    Unused Resources | 1098631 [ 92.93%] | 572453 [ 97.38%] | 2359336 [ 96.48%] | 1650 [ 90.96%] | 960 [100.00%] | 8798 [ 97.54%] |
| k_verify            |   83542 [  7.07%] |  15385 [  2.62%] |   86054 [  3.52%] |  164 [  9.04%] |   0 [  0.00%] |  222 [  2.46%] |
|    k_verify_1       |   83542 [  7.07%] |  15385 [  2.62%] |   86054 [  3.52%] |  164 [  9.04%] |   0 [  0.00%] |  222 [  2.46%] |
+---------------------+-------------------+------------------+-------------------+----------------+---------------+----------------+


