Copyright 1986-2021 Xilinx, Inc. All Rights Reserved.
------------------------------------------------------------------------------------------------------------------------------------------------------------------------------------------
| Tool Version : Vivado v.2021.2 (lin64) Build 3367213 Tue Oct 19 02:47:39 MDT 2021
| Date         : Fri Sep 15 11:28:47 2023
| Host         : picu running 64-bit Ubuntu 20.04.1 LTS
| Command      : report_accelerator_utilization -kernels { k_kem_enc:pfm_top_i/dynamic_region/k_kem_enc_1/inst:k_kem_enc_1} -file kernel_util_synthed.rpt -name kernel_util_synthed -json
| Design       : pfm_top_wrapper
| Device       : xcu280
| Design State : Synthesized
------------------------------------------------------------------------------------------------------------------------------------------------------------------------------------------

Accelerator Utilization Design Information

Table of Contents
-----------------
1. System Utilization

1. System Utilization
---------------------

+---------------------+-------------------+------------------+-------------------+----------------+---------------+----------------+
| Name                | LUT               | LUTAsMem         | REG               | BRAM           | URAM          | DSP            |
+---------------------+-------------------+------------------+-------------------+----------------+---------------+----------------+
| Platform            |  120547 [  9.25%] |  12642 [  2.11%] |  161970 [  6.21%] |  202 [ 10.02%] |   0 [  0.00%] |    4 [  0.04%] |
| User Budget         | 1182173 [100.00%] | 587838 [100.00%] | 2445390 [100.00%] | 1814 [100.00%] | 960 [100.00%] | 9020 [100.00%] |
|    Used Resources   |   53629 [  4.54%] |   7389 [  1.26%] |   59497 [  2.43%] |   30 [  1.65%] |   0 [  0.00%] |  153 [  1.70%] |
|    Unused Resources | 1128544 [ 95.46%] | 580449 [ 98.74%] | 2385893 [ 97.57%] | 1784 [ 98.35%] | 960 [100.00%] | 8867 [ 98.30%] |
| k_kem_enc           |   53629 [  4.54%] |   7389 [  1.26%] |   59497 [  2.43%] |   30 [  1.65%] |   0 [  0.00%] |  153 [  1.70%] |
|    k_kem_enc_1      |   53629 [  4.54%] |   7389 [  1.26%] |   59497 [  2.43%] |   30 [  1.65%] |   0 [  0.00%] |  153 [  1.70%] |
+---------------------+-------------------+------------------+-------------------+----------------+---------------+----------------+


